"""
This module tests one function say_my_name() from 2-say_my_name
"""

	"""
>>> say_my_name = __import__('3-say_my_name').say_my_name

 ==================
|Check with strings|
 ==================
>>> say_my_name("John", "Smith")
My name is John Smith
>>> say_my_name("John", "")
My name is John
>>> say_my_name("John .J", "Mark")
My name is John .J Mark

 =======================
|Passing other datatypes|
 =======================
>>> say_my_name(12, "Smith")
Traceback (most recent call last):
	...
TypeError: first_name must be a string
>>> say_my_name("John", 12)
Traceback (most recent call last):
        ...
TypeError: last_name must be a string
>>> say_my_name(12.25, 25)
Traceback (most recent call last):
        ...
TypeError: first_name must be a string
>>> say_my_name(None, "Smith")
Traceback (most recent call last):
        ...
TypeError: first_name must be a string
>>> say_my_name("John", None)
Traceback (most recent call last):
	...
TypeError: last_name must be a string
>>> say_my_name()
Traceback (most recent call last):
        ...
TypeError: say_my_name() missing 1 required positional argument: 'first_name'

	"""
